[2022-06-03T19:47:07.676+0200][gc,init] CardTable entry size: 512
[2022-06-03T19:47:07.676+0200][gc     ] Using G1
[2022-06-03T19:47:07.683+0200][gc,init] Version: 18.0.1.1+2 (release)
[2022-06-03T19:47:07.683+0200][gc,init] CPUs: 8 total, 8 available
[2022-06-03T19:47:07.683+0200][gc,init] Memory: 15734M
[2022-06-03T19:47:07.683+0200][gc,init] Large Page Support: Disabled
[2022-06-03T19:47:07.683+0200][gc,init] NUMA Support: Disabled
[2022-06-03T19:47:07.683+0200][gc,init] Compressed Oops: Enabled (32-bit)
[2022-06-03T19:47:07.683+0200][gc,init] Heap Region Size: 1M
[2022-06-03T19:47:07.683+0200][gc,init] Heap Min Capacity: 1G
[2022-06-03T19:47:07.683+0200][gc,init] Heap Initial Capacity: 1G
[2022-06-03T19:47:07.683+0200][gc,init] Heap Max Capacity: 1G
[2022-06-03T19:47:07.683+0200][gc,init] Pre-touch: Disabled
[2022-06-03T19:47:07.683+0200][gc,init] Parallel Workers: 8
[2022-06-03T19:47:07.683+0200][gc,init] Concurrent Workers: 2
[2022-06-03T19:47:07.683+0200][gc,init] Concurrent Refinement Workers: 8
[2022-06-03T19:47:07.683+0200][gc,init] Periodic GC: Disabled
[2022-06-03T19:47:07.683+0200][gc,metaspace] CDS archive(s) not mapped
[2022-06-03T19:47:07.683+0200][gc,metaspace] Compressed class space mapped at: 0x0000000100000000-0x0000000140000000, reserved size: 1073741824
[2022-06-03T19:47:07.683+0200][gc,metaspace] Narrow klass base: 0x0000000000000000, Narrow klass shift: 3, Narrow klass range: 0x140000000
[2022-06-03T19:47:08.482+0200][gc,start    ] GC(0) Pause Young (Concurrent Start) (Metadata GC Threshold)
[2022-06-03T19:47:08.483+0200][gc,task     ] GC(0) Using 8 workers of 8 for evacuation
[2022-06-03T19:47:08.488+0200][gc,phases   ] GC(0)   Pre Evacuate Collection Set: 0,3ms
[2022-06-03T19:47:08.488+0200][gc,phases   ] GC(0)   Merge Heap Roots: 0,1ms
[2022-06-03T19:47:08.488+0200][gc,phases   ] GC(0)   Evacuate Collection Set: 4,1ms
[2022-06-03T19:47:08.488+0200][gc,phases   ] GC(0)   Post Evacuate Collection Set: 0,5ms
[2022-06-03T19:47:08.488+0200][gc,phases   ] GC(0)   Other: 0,8ms
[2022-06-03T19:47:08.488+0200][gc,heap     ] GC(0) Eden regions: 33->0(44)
[2022-06-03T19:47:08.488+0200][gc,heap     ] GC(0) Survivor regions: 0->7(7)
[2022-06-03T19:47:08.488+0200][gc,heap     ] GC(0) Old regions: 0->0
[2022-06-03T19:47:08.488+0200][gc,heap     ] GC(0) Archive regions: 0->0
[2022-06-03T19:47:08.488+0200][gc,heap     ] GC(0) Humongous regions: 0->0
[2022-06-03T19:47:08.488+0200][gc,metaspace] GC(0) Metaspace: 21363K(21504K)->21363K(21504K) NonClass: 19101K(19200K)->19101K(19200K) Class: 2261K(2304K)->2261K(2304K)
[2022-06-03T19:47:08.489+0200][gc          ] GC(0) Pause Young (Concurrent Start) (Metadata GC Threshold) 33M->6M(1024M) 6,090ms
[2022-06-03T19:47:08.489+0200][gc,cpu      ] GC(0) User=0,02s Sys=0,00s Real=0,00s
[2022-06-03T19:47:08.489+0200][gc          ] GC(1) Concurrent Mark Cycle
[2022-06-03T19:47:08.489+0200][gc,marking  ] GC(1) Concurrent Clear Claimed Marks
[2022-06-03T19:47:08.489+0200][gc,marking  ] GC(1) Concurrent Clear Claimed Marks 0,028ms
[2022-06-03T19:47:08.489+0200][gc,marking  ] GC(1) Concurrent Scan Root Regions
[2022-06-03T19:47:08.490+0200][gc,marking  ] GC(1) Concurrent Scan Root Regions 1,630ms
[2022-06-03T19:47:08.490+0200][gc,marking  ] GC(1) Concurrent Mark
[2022-06-03T19:47:08.490+0200][gc,marking  ] GC(1) Concurrent Mark From Roots
[2022-06-03T19:47:08.490+0200][gc,task     ] GC(1) Using 2 workers of 2 for marking
[2022-06-03T19:47:08.491+0200][gc,marking  ] GC(1) Concurrent Mark From Roots 0,492ms
[2022-06-03T19:47:08.491+0200][gc,marking  ] GC(1) Concurrent Preclean
[2022-06-03T19:47:08.491+0200][gc,marking  ] GC(1) Concurrent Preclean 0,014ms
[2022-06-03T19:47:08.491+0200][gc,start    ] GC(1) Pause Remark
[2022-06-03T19:47:08.496+0200][gc          ] GC(1) Pause Remark 7M->7M(1024M) 4,630ms
[2022-06-03T19:47:08.496+0200][gc,cpu      ] GC(1) User=0,00s Sys=0,00s Real=0,01s
[2022-06-03T19:47:08.496+0200][gc,marking  ] GC(1) Concurrent Mark 5,485ms
[2022-06-03T19:47:08.496+0200][gc,marking  ] GC(1) Concurrent Rebuild Remembered Sets
[2022-06-03T19:47:08.496+0200][gc,marking  ] GC(1) Concurrent Rebuild Remembered Sets 0,013ms
[2022-06-03T19:47:08.496+0200][gc,start    ] GC(1) Pause Cleanup
[2022-06-03T19:47:08.496+0200][gc          ] GC(1) Pause Cleanup 7M->7M(1024M) 0,031ms
[2022-06-03T19:47:08.496+0200][gc,cpu      ] GC(1) User=0,00s Sys=0,00s Real=0,00s
[2022-06-03T19:47:08.496+0200][gc,marking  ] GC(1) Concurrent Cleanup for Next Mark
[2022-06-03T19:47:08.502+0200][gc,marking  ] GC(1) Concurrent Cleanup for Next Mark 6,190ms
[2022-06-03T19:47:08.502+0200][gc          ] GC(1) Concurrent Mark Cycle 13,919ms
[2022-06-03T19:47:09.329+0200][gc,start    ] GC(2) Pause Young (Normal) (G1 Evacuation Pause)
[2022-06-03T19:47:09.329+0200][gc,task     ] GC(2) Using 8 workers of 8 for evacuation
[2022-06-03T19:47:09.335+0200][gc,phases   ] GC(2)   Pre Evacuate Collection Set: 0,2ms
[2022-06-03T19:47:09.335+0200][gc,phases   ] GC(2)   Merge Heap Roots: 0,0ms
[2022-06-03T19:47:09.335+0200][gc,phases   ] GC(2)   Evacuate Collection Set: 5,9ms
[2022-06-03T19:47:09.335+0200][gc,phases   ] GC(2)   Post Evacuate Collection Set: 0,5ms
[2022-06-03T19:47:09.335+0200][gc,phases   ] GC(2)   Other: 0,1ms
[2022-06-03T19:47:09.335+0200][gc,heap     ] GC(2) Eden regions: 44->0(48)
[2022-06-03T19:47:09.335+0200][gc,heap     ] GC(2) Survivor regions: 7->3(7)
[2022-06-03T19:47:09.335+0200][gc,heap     ] GC(2) Old regions: 0->8
[2022-06-03T19:47:09.335+0200][gc,heap     ] GC(2) Archive regions: 0->0
[2022-06-03T19:47:09.335+0200][gc,heap     ] GC(2) Humongous regions: 129->129
[2022-06-03T19:47:09.336+0200][gc,metaspace] GC(2) Metaspace: 33953K(34176K)->33953K(34176K) NonClass: 30402K(30528K)->30402K(30528K) Class: 3550K(3648K)->3550K(3648K)
[2022-06-03T19:47:09.336+0200][gc          ] GC(2) Pause Young (Normal) (G1 Evacuation Pause) 179M->138M(1024M) 7,015ms
[2022-06-03T19:47:09.336+0200][gc,cpu      ] GC(2) User=0,03s Sys=0,00s Real=0,01s
[2022-06-03T19:47:09.558+0200][gc,start    ] GC(3) Pause Young (Concurrent Start) (Metadata GC Threshold)
[2022-06-03T19:47:09.558+0200][gc,task     ] GC(3) Using 8 workers of 8 for evacuation
[2022-06-03T19:47:09.561+0200][gc,phases   ] GC(3)   Pre Evacuate Collection Set: 0,2ms
[2022-06-03T19:47:09.561+0200][gc,phases   ] GC(3)   Merge Heap Roots: 0,0ms
[2022-06-03T19:47:09.561+0200][gc,phases   ] GC(3)   Evacuate Collection Set: 2,7ms
[2022-06-03T19:47:09.561+0200][gc,phases   ] GC(3)   Post Evacuate Collection Set: 0,4ms
[2022-06-03T19:47:09.561+0200][gc,phases   ] GC(3)   Other: 0,1ms
[2022-06-03T19:47:09.561+0200][gc,heap     ] GC(3) Eden regions: 13->0(46)
[2022-06-03T19:47:09.561+0200][gc,heap     ] GC(3) Survivor regions: 3->5(7)
[2022-06-03T19:47:09.561+0200][gc,heap     ] GC(3) Old regions: 8->8
[2022-06-03T19:47:09.561+0200][gc,heap     ] GC(3) Archive regions: 0->0
[2022-06-03T19:47:09.561+0200][gc,heap     ] GC(3) Humongous regions: 129->129
[2022-06-03T19:47:09.561+0200][gc,metaspace] GC(3) Metaspace: 35861K(36096K)->35861K(36096K) NonClass: 32037K(32128K)->32037K(32128K) Class: 3824K(3968K)->3824K(3968K)
[2022-06-03T19:47:09.561+0200][gc          ] GC(3) Pause Young (Concurrent Start) (Metadata GC Threshold) 151M->140M(1024M) 3,729ms
[2022-06-03T19:47:09.561+0200][gc          ] GC(4) Concurrent Mark Cycle
[2022-06-03T19:47:09.561+0200][gc,cpu      ] GC(3) User=0,02s Sys=0,00s Real=0,01s
[2022-06-03T19:47:09.561+0200][gc,marking  ] GC(4) Concurrent Clear Claimed Marks
[2022-06-03T19:47:09.562+0200][gc,marking  ] GC(4) Concurrent Clear Claimed Marks 0,062ms
[2022-06-03T19:47:09.562+0200][gc,marking  ] GC(4) Concurrent Scan Root Regions
[2022-06-03T19:47:09.565+0200][gc,marking  ] GC(4) Concurrent Scan Root Regions 3,296ms
[2022-06-03T19:47:09.565+0200][gc,marking  ] GC(4) Concurrent Mark
[2022-06-03T19:47:09.565+0200][gc,marking  ] GC(4) Concurrent Mark From Roots
[2022-06-03T19:47:09.565+0200][gc,task     ] GC(4) Using 2 workers of 2 for marking
[2022-06-03T19:47:09.570+0200][gc,marking  ] GC(4) Concurrent Mark From Roots 5,401ms
[2022-06-03T19:47:09.570+0200][gc,marking  ] GC(4) Concurrent Preclean
[2022-06-03T19:47:09.571+0200][gc,marking  ] GC(4) Concurrent Preclean 0,080ms
[2022-06-03T19:47:09.571+0200][gc,start    ] GC(4) Pause Remark
[2022-06-03T19:47:09.572+0200][gc          ] GC(4) Pause Remark 140M->140M(1024M) 1,266ms
[2022-06-03T19:47:09.572+0200][gc,cpu      ] GC(4) User=0,01s Sys=0,00s Real=0,01s
[2022-06-03T19:47:09.572+0200][gc,marking  ] GC(4) Concurrent Mark 7,096ms
[2022-06-03T19:47:09.572+0200][gc,marking  ] GC(4) Concurrent Rebuild Remembered Sets
[2022-06-03T19:47:09.576+0200][gc,marking  ] GC(4) Concurrent Rebuild Remembered Sets 3,838ms
[2022-06-03T19:47:09.576+0200][gc,start    ] GC(4) Pause Cleanup
[2022-06-03T19:47:09.576+0200][gc          ] GC(4) Pause Cleanup 140M->140M(1024M) 0,199ms
[2022-06-03T19:47:09.576+0200][gc,cpu      ] GC(4) User=0,00s Sys=0,00s Real=0,00s
[2022-06-03T19:47:09.577+0200][gc,marking  ] GC(4) Concurrent Cleanup for Next Mark
[2022-06-03T19:47:09.582+0200][gc,marking  ] GC(4) Concurrent Cleanup for Next Mark 5,247ms
[2022-06-03T19:47:09.582+0200][gc          ] GC(4) Concurrent Mark Cycle 20,491ms
[2022-06-03T19:48:45.264+0200][gc,start    ] GC(5) Pause Young (Prepare Mixed) (G1 Evacuation Pause)
[2022-06-03T19:48:45.264+0200][gc,task     ] GC(5) Using 8 workers of 8 for evacuation
[2022-06-03T19:48:45.270+0200][gc,phases   ] GC(5)   Pre Evacuate Collection Set: 0,1ms
[2022-06-03T19:48:45.270+0200][gc,phases   ] GC(5)   Merge Heap Roots: 0,1ms
[2022-06-03T19:48:45.270+0200][gc,phases   ] GC(5)   Evacuate Collection Set: 5,1ms
[2022-06-03T19:48:45.270+0200][gc,phases   ] GC(5)   Post Evacuate Collection Set: 0,6ms
[2022-06-03T19:48:45.270+0200][gc,phases   ] GC(5)   Other: 0,1ms
[2022-06-03T19:48:45.270+0200][gc,heap     ] GC(5) Eden regions: 46->0(45)
[2022-06-03T19:48:45.270+0200][gc,heap     ] GC(5) Survivor regions: 5->6(7)
[2022-06-03T19:48:45.270+0200][gc,heap     ] GC(5) Old regions: 8->10
[2022-06-03T19:48:45.270+0200][gc,heap     ] GC(5) Archive regions: 0->0
[2022-06-03T19:48:45.270+0200][gc,heap     ] GC(5) Humongous regions: 129->129
[2022-06-03T19:48:45.270+0200][gc,metaspace] GC(5) Metaspace: 46749K(47232K)->46749K(47232K) NonClass: 41539K(41856K)->41539K(41856K) Class: 5209K(5376K)->5209K(5376K)
[2022-06-03T19:48:45.270+0200][gc          ] GC(5) Pause Young (Prepare Mixed) (G1 Evacuation Pause) 186M->144M(1024M) 6,272ms
[2022-06-03T19:48:45.270+0200][gc,cpu      ] GC(5) User=0,03s Sys=0,01s Real=0,00s
[2022-06-03T20:00:53.560+0200][gc,start    ] GC(6) Pause Young (Mixed) (G1 Evacuation Pause)
[2022-06-03T20:00:53.560+0200][gc,task     ] GC(6) Using 8 workers of 8 for evacuation
[2022-06-03T20:00:53.588+0200][gc,mmu      ] GC(6) MMU target violated: 21,0ms (20,0ms/21,0ms)
[2022-06-03T20:00:53.588+0200][gc,phases   ] GC(6)   Pre Evacuate Collection Set: 0,3ms
[2022-06-03T20:00:53.588+0200][gc,phases   ] GC(6)   Merge Heap Roots: 0,4ms
[2022-06-03T20:00:53.588+0200][gc,phases   ] GC(6)   Evacuate Collection Set: 25,0ms
[2022-06-03T20:00:53.588+0200][gc,phases   ] GC(6)   Post Evacuate Collection Set: 2,0ms
[2022-06-03T20:00:53.588+0200][gc,phases   ] GC(6)   Other: 0,4ms
[2022-06-03T20:00:53.588+0200][gc,heap     ] GC(6) Eden regions: 45->0(48)
[2022-06-03T20:00:53.588+0200][gc,heap     ] GC(6) Survivor regions: 6->3(7)
[2022-06-03T20:00:53.588+0200][gc,heap     ] GC(6) Old regions: 10->15
[2022-06-03T20:00:53.588+0200][gc,heap     ] GC(6) Archive regions: 0->0
[2022-06-03T20:00:53.588+0200][gc,heap     ] GC(6) Humongous regions: 129->129
[2022-06-03T20:00:53.588+0200][gc,metaspace] GC(6) Metaspace: 49881K(50560K)->49881K(50560K) NonClass: 44238K(44608K)->44238K(44608K) Class: 5642K(5952K)->5642K(5952K)
[2022-06-03T20:00:53.588+0200][gc          ] GC(6) Pause Young (Mixed) (G1 Evacuation Pause) 189M->145M(1024M) 28,615ms
[2022-06-03T20:00:53.588+0200][gc,cpu      ] GC(6) User=0,14s Sys=0,00s Real=0,03s
[2022-06-03T20:21:35.220+0200][gc,start    ] GC(7) Pause Young (Normal) (G1 Evacuation Pause)
[2022-06-03T20:21:35.220+0200][gc,task     ] GC(7) Using 8 workers of 8 for evacuation
[2022-06-03T20:21:35.229+0200][gc,phases   ] GC(7)   Pre Evacuate Collection Set: 0,3ms
[2022-06-03T20:21:35.229+0200][gc,phases   ] GC(7)   Merge Heap Roots: 0,2ms
[2022-06-03T20:21:35.229+0200][gc,phases   ] GC(7)   Evacuate Collection Set: 7,0ms
[2022-06-03T20:21:35.229+0200][gc,phases   ] GC(7)   Post Evacuate Collection Set: 1,1ms
[2022-06-03T20:21:35.229+0200][gc,phases   ] GC(7)   Other: 0,2ms
[2022-06-03T20:21:35.229+0200][gc,heap     ] GC(7) Eden regions: 48->0(46)
[2022-06-03T20:21:35.229+0200][gc,heap     ] GC(7) Survivor regions: 3->5(7)
[2022-06-03T20:21:35.229+0200][gc,heap     ] GC(7) Old regions: 15->15
[2022-06-03T20:21:35.229+0200][gc,heap     ] GC(7) Archive regions: 0->0
[2022-06-03T20:21:35.229+0200][gc,heap     ] GC(7) Humongous regions: 129->129
[2022-06-03T20:21:35.229+0200][gc,metaspace] GC(7) Metaspace: 51061K(51776K)->51061K(51776K) NonClass: 45376K(45760K)->45376K(45760K) Class: 5684K(6016K)->5684K(6016K)
[2022-06-03T20:21:35.229+0200][gc          ] GC(7) Pause Young (Normal) (G1 Evacuation Pause) 193M->147M(1024M) 9,525ms
[2022-06-03T20:21:35.229+0200][gc,cpu      ] GC(7) User=0,06s Sys=0,00s Real=0,01s
[2022-06-03T20:33:35.608+0200][gc,heap,exit] Heap
[2022-06-03T20:33:35.608+0200][gc,heap,exit]  garbage-first heap   total 1048576K, used 177300K [0x00000000c0000000, 0x0000000100000000)
[2022-06-03T20:33:35.608+0200][gc,heap,exit]   region size 1024K, 31 young (31744K), 5 survivors (5120K)
[2022-06-03T20:33:35.608+0200][gc,heap,exit]  Metaspace       used 51755K, committed 52416K, reserved 1114112K
[2022-06-03T20:33:35.608+0200][gc,heap,exit]   class space    used 5832K, committed 6144K, reserved 1048576K
